# Golden-master fixture: CRIF
# Produced by albion.integration.crif.CrifRecordBuilder.buildRecord (current PROD behaviour, Phase 2 baseline).
# Input captured from integration/samples/crif/good_01.xml (SIT 26-Apr-2018).
# Regenerate/verify with tools/ci/verify_phase1_scaffold.py - never edit expected.record by hand.
input.NINumber_Ext=GWPC-9684
input.VehicleVRM_Ext=AD86839051A
input.AnnualPremium_Ext=
input.ClaimNumber_Ext=
input.BrandCode_Ext=HERIT
expected.length=750
expected.trailingFiller=672
expected.recordPrefix=CR58GWPC-9684      AD86839051A                   0000000000000000000000000XX99
expected.record=CR58GWPC-9684      AD86839051A                   0000000000000000000000000XX99                                                                                                                                                                                                                                                                                                                                                                                                                                                                                                                                                                                                                                                                                                
