# Golden-master fixture: CRIF
# Produced by albion.integration.crif.CrifRecordBuilder.buildRecord (current PROD behaviour, Phase 2 baseline).
# Input captured from integration/samples/crif/prod_incident_08.xml (UAT 01-Mar-2017).
# Regenerate/verify with tools/ci/verify_phase1_scaffold.py - never edit expected.record by hand.
input.NINumber_Ext=CHG-9403
input.VehicleVRM_Ext=P392492938A
input.AnnualPremium_Ext=
input.ClaimNumber_Ext=
input.BrandCode_Ext=ALBDIR
expected.length=750
expected.trailingFiller=672
expected.recordPrefix=CR58CHG-9403       P392492938A                   0000000000000000000000001AD00
expected.record=CR58CHG-9403       P392492938A                   0000000000000000000000001AD00                                                                                                                                                                                                                                                                                                                                                                                                                                                                                                                                                                                                                                                                                                
