# Golden-master fixture: IPT
# Produced by albion.integration.ipt.IptRecordBuilder.buildRecord (current PROD behaviour, Phase 1 baseline).
# Input captured from integration/samples/ipt/good_05.xml (UAT 07-Sep-2021).
# Regenerate/verify with tools/ci/verify_phase1_scaffold.py - never edit expected.record by hand.
input.ERNRef_Ext=DEF-19163
input.PolicyNumber_Ext=HH88295663A
input.NINumber_Ext=
input.VehicleVRM_Ext=
input.BrandCode_Ext=HERIT
expected.length=512
expected.trailingFiller=433
expected.recordPrefix=IP89DEF-19163           HH88295663A                   000000000000000000000XX99
expected.record=IP89DEF-19163           HH88295663A                   000000000000000000000XX99                                                                                                                                                                                                                                                                                                                                                                                                                                                 
