# Golden-master fixture: IPT
# Produced by albion.integration.ipt.IptRecordBuilder.buildRecord (current PROD behaviour, Phase 1 baseline).
# Input captured from integration/samples/ipt/nak_02.xml (PROD (scrubbed) 16-Feb-2025).
# Regenerate/verify with tools/ci/verify_phase1_scaffold.py - never edit expected.record by hand.
input.ERNRef_Ext=GWPC-48234
input.PolicyNumber_Ext=AD46450616X
input.NINumber_Ext=
input.VehicleVRM_Ext=
input.BrandCode_Ext=RETPLS
expected.length=512
expected.trailingFiller=433
expected.recordPrefix=IP89GWPC-48234          AD46450616X                   000000000000000000007RP01
expected.record=IP89GWPC-48234          AD46450616X                   000000000000000000007RP01                                                                                                                                                                                                                                                                                                                                                                                                                                                 
