# Golden-master fixture: DWH
# Produced by albion.integration.dwh.DwhRecordBuilder.buildRecord (current PROD behaviour, Phase 2 baseline).
# Input captured from integration/samples/dwh/nak_01.xml (PROD (scrubbed... mostly) 27-Oct-2022).
# Regenerate/verify with tools/ci/verify_phase1_scaffold.py - never edit expected.record by hand.
input.SumInsured_Ext=REG-2450
input.PolicyNumber_Ext=P369546576C
input.NINumber_Ext=
input.ERNRef_Ext=
input.BrandCode_Ext=ALBBRK
expected.length=300
expected.trailingFiller=244
expected.recordPrefix=DW21REG-2450       P36954657600000000000000000000002BK00
expected.record=DW21REG-2450       P36954657600000000000000000000002BK00                                                                                                                                                                                                                                                    
