# Golden-master fixture: POLARIS_MF
# Produced by albion.integration.polaris.PolarisPartyRecordBuilder.buildRecord (current PROD behaviour, Phase 2 baseline).
# No captured sample exists under integration/samples/ for this interface; input is the pinned brand-matrix characterization row.
# Regenerate/verify with tools/ci/verify_phase1_scaffold.py - never edit expected.record by hand.
input.PolicyNumber_Ext=
input.AnnualPremium_Ext=
input.RiskPostcode_Ext=
input.InsuredSurname_Ext=
input.BrandCode_Ext=HERIT
expected.length=300
expected.trailingFiller=247
expected.recordPrefix=PO47                      00000000000000000000000XX99
expected.record=PO47                      00000000000000000000000XX99                                                                                                                                                                                                                                                       
