# Golden-master fixture: CIFAS
# Produced by albion.integration.cifas.CifasRecordBuilder.buildRecord (current PROD behaviour, Phase 2 baseline).
# Input captured from integration/samples/cifas/edge_07.xml (UAT 18-Dec-2018).
# Regenerate/verify with tools/ci/verify_phase1_scaffold.py - never edit expected.record by hand.
input.NINumber_Ext=HERIT-5380
input.SumInsured_Ext=AD26507612B
input.InceptionDate_Ext=
input.InsuredSurname_Ext=
input.BrandCode_Ext=ALBBRK
expected.length=750
expected.trailingFiller=695
expected.recordPrefix=CI87HERIT-5380  AD265076120000000000000000000000002BK00
expected.record=CI87HERIT-5380  AD265076120000000000000000000000002BK00                                                                                                                                                                                                                                                                                                                                                                                                                                                                                                                                                                                                                                                                                                                       
