# Golden-master fixture: CIFAS
# Produced by albion.integration.cifas.CifasRecordBuilder.buildRecord (current PROD behaviour, Phase 2 baseline).
# Input captured from integration/samples/cifas/edge_11.xml (UAT 04-Dec-2023).
# Regenerate/verify with tools/ci/verify_phase1_scaffold.py - never edit expected.record by hand.
input.NINumber_Ext=REG-24965
input.SumInsured_Ext=P351137884C
input.InceptionDate_Ext=
input.InsuredSurname_Ext=
input.BrandCode_Ext=RETPLS
expected.length=750
expected.trailingFiller=695
expected.recordPrefix=CI87REG-24965   P3511378840000000000000000000000007RP01
expected.record=CI87REG-24965   P3511378840000000000000000000000007RP01                                                                                                                                                                                                                                                                                                                                                                                                                                                                                                                                                                                                                                                                                                                       
