# Golden-master fixture: CIFAS
# Produced by albion.integration.cifas.CifasRecordBuilder.buildRecord (current PROD behaviour, Phase 2 baseline).
# Input captured from integration/samples/cifas/good_03.xml (PROD (scrubbed... mostly) 03-Jun-2019).
# Regenerate/verify with tools/ci/verify_phase1_scaffold.py - never edit expected.record by hand.
input.NINumber_Ext=AGI-24155
input.SumInsured_Ext=P319285976A
input.InceptionDate_Ext=
input.InsuredSurname_Ext=
input.BrandCode_Ext=ALBDIR
expected.length=750
expected.trailingFiller=695
expected.recordPrefix=CI87AGI-24155   P3192859760000000000000000000000001AD00
expected.record=CI87AGI-24155   P3192859760000000000000000000000001AD00                                                                                                                                                                                                                                                                                                                                                                                                                                                                                                                                                                                                                                                                                                                       
