# Golden-master fixture: CIFAS
# Produced by albion.integration.cifas.CifasRecordBuilder.buildRecord (current PROD behaviour, Phase 2 baseline).
# Input captured from integration/samples/cifas/nak_09.xml (PROD (scrubbed... mostly) 03-Jun-2024).
# Regenerate/verify with tools/ci/verify_phase1_scaffold.py - never edit expected.record by hand.
input.NINumber_Ext=GWBC-48977
input.SumInsured_Ext=HH72347667X
input.InceptionDate_Ext=
input.InsuredSurname_Ext=
input.BrandCode_Ext=RETPLS
expected.length=750
expected.trailingFiller=695
expected.recordPrefix=CI87GWBC-48977  HH723476670000000000000000000000007RP01
expected.record=CI87GWBC-48977  HH723476670000000000000000000000007RP01                                                                                                                                                                                                                                                                                                                                                                                                                                                                                                                                                                                                                                                                                                                       
