# Golden-master fixture: PRINTV
# Produced by albion.integration.printv.PrintvRecordBuilder.buildRecord (current PROD behaviour, Phase 2 baseline).
# Input captured from integration/samples/printv/nak_01.xml (UAT 25-Nov-2023).
# Regenerate/verify with tools/ci/verify_phase1_scaffold.py - never edit expected.record by hand.
input.InsuredSurname_Ext=PRB-43683
input.ClaimNumber_Ext=HH27636108A
input.RiskPostcode_Ext=
input.PolicyNumber_Ext=
input.BrandCode_Ext=RETPLS
expected.length=250
expected.trailingFiller=175
expected.recordPrefix=PR16PRB-43683   HH27636108A                   0000000000000000000000007RP01
expected.record=PR16PRB-43683   HH27636108A                   0000000000000000000000007RP01                                                                                                                                                                               
