# Golden-master fixture: REINS
# Produced by albion.integration.reins.ReinsRecordBuilder.buildRecord (current PROD behaviour, Phase 2 baseline).
# Input captured from integration/samples/reins/nak_01.xml (SIT 23-Jun-2019).
# Regenerate/verify with tools/ci/verify_phase1_scaffold.py - never edit expected.record by hand.
input.AnnualPremium_Ext=INC-6440
input.ClaimNumber_Ext=P361496423A
input.ERNRef_Ext=
input.RiskPostcode_Ext=
input.BrandCode_Ext=ALBBRK
expected.length=600
expected.trailingFiller=531
expected.recordPrefix=RE47INC-6440  P361496423A                   000000000000000000002BK00
expected.record=RE47INC-6440  P361496423A                   000000000000000000002BK00                                                                                                                                                                                                                                                                                                                                                                                                                                                                                                                                                   
