# Golden-master fixture: PAYHUB
# Produced by albion.integration.payhub.PayhubRecordBuilder.buildRecord (current PROD behaviour, Phase 2 baseline).
# Input captured from integration/samples/payhub/edge_02.xml (UAT 18-May-2017).
# Regenerate/verify with tools/ci/verify_phase1_scaffold.py - never edit expected.record by hand.
input.InsuredSurname_Ext=PRB-2859
input.VehicleVRM_Ext=HH95759006X
input.UPRN_Ext=
input.ClaimNumber_Ext=
input.BrandCode_Ext=ALBDIR
expected.length=750
expected.trailingFiller=696
expected.recordPrefix=PA15PRB-2859       HH95759000000000000000000000001AD00
expected.record=PA15PRB-2859       HH95759000000000000000000000001AD00                                                                                                                                                                                                                                                                                                                                                                                                                                                                                                                                                                                                                                                                                                                        
