# Golden-master fixture: PAYHUB
# Produced by albion.integration.payhub.PayhubRecordBuilder.buildRecord (current PROD behaviour, Phase 2 baseline).
# Input captured from integration/samples/payhub/nak_09.xml (PROD (scrubbed... mostly) 04-Dec-2020).
# Regenerate/verify with tools/ci/verify_phase1_scaffold.py - never edit expected.record by hand.
input.InsuredSurname_Ext=CM-22184
input.VehicleVRM_Ext=AD64571868X
input.UPRN_Ext=
input.ClaimNumber_Ext=
input.BrandCode_Ext=HERIT
expected.length=750
expected.trailingFiller=696
expected.recordPrefix=PA15CM-22184       AD64571800000000000000000000000XX99
expected.record=PA15CM-22184       AD64571800000000000000000000000XX99                                                                                                                                                                                                                                                                                                                                                                                                                                                                                                                                                                                                                                                                                                                        
