# Golden-master fixture: PAYHUB
# Produced by albion.integration.payhub.PayhubRecordBuilder.buildRecord (current PROD behaviour, Phase 2 baseline).
# Input captured from integration/samples/payhub/prod_incident_03.xml (UAT 15-Jan-2024).
# Regenerate/verify with tools/ci/verify_phase1_scaffold.py - never edit expected.record by hand.
input.InsuredSurname_Ext=GWPC-5181
input.VehicleVRM_Ext=AD58625156B
input.UPRN_Ext=
input.ClaimNumber_Ext=
input.BrandCode_Ext=ALBDIR
expected.length=750
expected.trailingFiller=696
expected.recordPrefix=PA15GWPC-5181      AD58625100000000000000000000001AD00
expected.record=PA15GWPC-5181      AD58625100000000000000000000001AD00                                                                                                                                                                                                                                                                                                                                                                                                                                                                                                                                                                                                                                                                                                                        
