# Golden-master fixture: SANCTIONS
# Produced by albion.integration.sanctions.SanctionsRecordBuilder.buildRecord (current PROD behaviour, Phase 2 baseline).
# Input captured from integration/samples/sanctions/prod_incident_11.xml (SIT 02-May-2019).
# Regenerate/verify with tools/ci/verify_phase1_scaffold.py - never edit expected.record by hand.
input.PolicyNumber_Ext=DEF-27011
input.AnnualPremium_Ext=P322114041B
input.UPRN_Ext=
input.RiskPostcode_Ext=
input.BrandCode_Ext=ALBBRK
expected.length=250
expected.trailingFiller=196
expected.recordPrefix=SA37DEF-27011      P322114000000000000000000000002BK00
expected.record=SA37DEF-27011      P322114000000000000000000000002BK00                                                                                                                                                                                                    
