# Golden-master fixture: SSP
# Produced by albion.integration.ssp.SspRecordBuilder.buildRecord (current PROD behaviour, Phase 2 baseline).
# Input captured from integration/samples/ssp/prod_incident_05.edi (EDI capture; no Brand segment, null brand pins the 999999 sentinel).
# Regenerate/verify with tools/ci/verify_phase1_scaffold.py - never edit expected.record by hand.
input.ClaimNumber_Ext=AGI002
input.VehicleVRM_Ext=AD49993828X
input.PolicyNumber_Ext=
input.AnnualPremium_Ext=
input.BrandCode_Ext=
expected.length=750
expected.trailingFiller=696
expected.recordPrefix=SS84AGI002         AD499938280000000000000000000999999
expected.record=SS84AGI002         AD499938280000000000000000000999999                                                                                                                                                                                                                                                                                                                                                                                                                                                                                                                                                                                                                                                                                                                        
