# Golden-master fixture: VERISK
# Produced by albion.integration.verisk.VeriskRecordBuilder.buildRecord (current PROD behaviour, Phase 2 baseline).
# Input captured from integration/samples/verisk/edge_09.xml (SIT 06-Mar-2021).
# Regenerate/verify with tools/ci/verify_phase1_scaffold.py - never edit expected.record by hand.
input.ERNRef_Ext=CM-27382
input.ClaimNumber_Ext=P352108048C
input.InceptionDate_Ext=
input.NINumber_Ext=
input.BrandCode_Ext=ALBBRK
expected.length=400
expected.trailingFiller=349
expected.recordPrefix=VE17CM-27382    P352108000000000000000000000002BK00
expected.record=VE17CM-27382    P352108000000000000000000000002BK00                                                                                                                                                                                                                                                                                                                                                             
