# Golden-master fixture: ELTO
# Produced by albion.integration.elto.EltoRecordBuilder.buildRecord (current PROD behaviour, Phase 2 baseline).
# Input captured from integration/samples/elto/prod_incident_03.xml (SIT 25-Mar-2022).
# Regenerate/verify with tools/ci/verify_phase1_scaffold.py - never edit expected.record by hand.
input.InceptionDate_Ext=GWCC-9528
input.UPRN_Ext=HH73231625B
input.NINumber_Ext=
input.ERNRef_Ext=
input.BrandCode_Ext=RETPLS
expected.length=400
expected.trailingFiller=346
expected.recordPrefix=EL82GWCC-9528      HH73231600000000000000000000007RP01
expected.record=EL82GWCC-9528      HH73231600000000000000000000007RP01                                                                                                                                                                                                                                                                                                                                                          
