# Golden-master fixture: CUE
# Produced by albion.integration.cue.CueRecordBuilder.buildRecord (current PROD behaviour, Phase 2 baseline).
# Input captured from integration/samples/cue/good_02.xml (UAT 21-Jul-2025).
# Regenerate/verify with tools/ci/verify_phase1_scaffold.py - never edit expected.record by hand.
input.ERNRef_Ext=GWBC-3232
input.NINumber_Ext=HH39736970X
input.AnnualPremium_Ext=
input.SumInsured_Ext=
input.BrandCode_Ext=HERIT
expected.length=400
expected.trailingFiller=349
expected.recordPrefix=CU86GWBC-3232   HH39736970000000000000000000000XX99
expected.record=CU86GWBC-3232   HH39736970000000000000000000000XX99                                                                                                                                                                                                                                                                                                                                                             
