# Golden-master fixture: CUE
# Produced by albion.integration.cue.CueRecordBuilder.buildRecord (current PROD behaviour, Phase 2 baseline).
# Input captured from integration/samples/cue/nak_10.xml (UAT 25-Apr-2020).
# Regenerate/verify with tools/ci/verify_phase1_scaffold.py - never edit expected.record by hand.
input.ERNRef_Ext=GWBC-32529
input.NINumber_Ext=P382682297C
input.AnnualPremium_Ext=
input.SumInsured_Ext=
input.BrandCode_Ext=ALBBRK
expected.length=400
expected.trailingFiller=349
expected.recordPrefix=CU86GWBC-32529  P382682297000000000000000000002BK00
expected.record=CU86GWBC-32529  P382682297000000000000000000002BK00                                                                                                                                                                                                                                                                                                                                                             
