# Golden-master fixture: FLOODRE
# Produced by albion.integration.floodre.FloodreRecordBuilder.buildRecord (current PROD behaviour, Phase 2 baseline).
# Input captured from integration/samples/floodre/good_04.xml (SIT 17-Sep-2016).
# Regenerate/verify with tools/ci/verify_phase1_scaffold.py - never edit expected.record by hand.
input.ClaimNumber_Ext=AGI-6375
input.InceptionDate_Ext=HH26583286X
input.SumInsured_Ext=
input.NINumber_Ext=
input.BrandCode_Ext=RETPLS
expected.length=600
expected.trailingFiller=553
expected.recordPrefix=FL61AGI-6375  HH265832000000000000000000007RP01
expected.record=FL61AGI-6375  HH265832000000000000000000007RP01                                                                                                                                                                                                                                                                                                                                                                                                                                                                                                                                                                         
