# Golden-master fixture: FLOODRE
# Produced by albion.integration.floodre.FloodreRecordBuilder.buildRecord (current PROD behaviour, Phase 2 baseline).
# Input captured from integration/samples/floodre/prod_incident_01.xml (SIT 15-May-2016).
# Regenerate/verify with tools/ci/verify_phase1_scaffold.py - never edit expected.record by hand.
input.ClaimNumber_Ext=INC-23560
input.InceptionDate_Ext=HH53222052A
input.SumInsured_Ext=
input.NINumber_Ext=
input.BrandCode_Ext=RETPLS
expected.length=600
expected.trailingFiller=553
expected.recordPrefix=FL61INC-23560 HH532220000000000000000000007RP01
expected.record=FL61INC-23560 HH532220000000000000000000007RP01                                                                                                                                                                                                                                                                                                                                                                                                                                                                                                                                                                         
