# Golden-master fixture: CREDIT
# Produced by albion.integration.credit.CreditRecordBuilder.buildRecord (current PROD behaviour, Phase 2 baseline).
# Input captured from integration/samples/credit/edge_12.xml (UAT 20-Apr-2025).
# Regenerate/verify with tools/ci/verify_phase1_scaffold.py - never edit expected.record by hand.
input.RiskPostcode_Ext=DEF-42009
input.InceptionDate_Ext=P329520793A
input.PolicyNumber_Ext=
input.SumInsured_Ext=
input.BrandCode_Ext=ALBDIR
expected.length=300
expected.trailingFiller=222
expected.recordPrefix=CR61DEF-42009      P329520793A                   0000000000000000000000001AD00
expected.record=CR61DEF-42009      P329520793A                   0000000000000000000000001AD00                                                                                                                                                                                                                              
