# Golden-master fixture: CREDIT
# Produced by albion.integration.credit.CreditRecordBuilder.buildRecord (current PROD behaviour, Phase 2 baseline).
# Input captured from integration/samples/credit/prod_incident_09.xml (SIT 23-Dec-2018).
# Regenerate/verify with tools/ci/verify_phase1_scaffold.py - never edit expected.record by hand.
input.RiskPostcode_Ext=CM-3422
input.InceptionDate_Ext=P392598302B
input.PolicyNumber_Ext=
input.SumInsured_Ext=
input.BrandCode_Ext=HERIT
expected.length=300
expected.trailingFiller=222
expected.recordPrefix=CR61CM-3422        P392598302B                   0000000000000000000000000XX99
expected.record=CR61CM-3422        P392598302B                   0000000000000000000000000XX99                                                                                                                                                                                                                              
