# Golden-master fixture: MID
# Produced by albion.integration.mid.MidRecordBuilder.buildRecord (current PROD behaviour, Phase 2 baseline).
# Input captured from integration/samples/mid/good_12.xml (SIT 08-Oct-2020).
# Regenerate/verify with tools/ci/verify_phase1_scaffold.py - never edit expected.record by hand.
input.PolicyNumber_Ext=CHG-4376
input.AnnualPremium_Ext=HH53636916B
input.UPRN_Ext=
input.SumInsured_Ext=
input.BrandCode_Ext=HERIT
expected.length=600
expected.trailingFiller=549
expected.recordPrefix=MI56CHG-4376    HH53636900000000000000000000000XX99
expected.record=MI56CHG-4376    HH53636900000000000000000000000XX99                                                                                                                                                                                                                                                                                                                                                                                                                                                                                                                                                                     
