# Golden-master fixture: MID
# Produced by albion.integration.mid.MidRecordBuilder.buildRecord (current PROD behaviour, Phase 2 baseline).
# Input captured from integration/samples/mid/nak_04.xml (UAT 12-Mar-2018).
# Regenerate/verify with tools/ci/verify_phase1_scaffold.py - never edit expected.record by hand.
input.PolicyNumber_Ext=PRB-43033
input.AnnualPremium_Ext=P366124862A
input.UPRN_Ext=
input.SumInsured_Ext=
input.BrandCode_Ext=ALBBRK
expected.length=600
expected.trailingFiller=549
expected.recordPrefix=MI56PRB-43033   P366124800000000000000000000002BK00
expected.record=MI56PRB-43033   P366124800000000000000000000002BK00                                                                                                                                                                                                                                                                                                                                                                                                                                                                                                                                                                     
