# Golden-master fixture: POLARIS_MF
# Produced by albion.integration.polaris_mf.PolarisMfRecordBuilder.buildRecord (current PROD behaviour, Phase 1 baseline).
# Input captured from integration/samples/polaris_mf/edge_04.xml (UAT 25-Jun-2020).
# Regenerate/verify with tools/ci/verify_phase1_scaffold.py - never edit expected.record by hand.
input.InsuredSurname_Ext=REG-48263
input.VehicleVRM_Ext=AD68912542X
input.ClaimNumber_Ext=
input.InceptionDate_Ext=
input.BrandCode_Ext=HERIT
expected.length=512
expected.trailingFiller=437
expected.recordPrefix=PO99REG-48263   AD68912542X                   0000000000000000000000000XX99
expected.record=PO99REG-48263   AD68912542X                   0000000000000000000000000XX99                                                                                                                                                                                                                                                                                                                                                                                                                                                     
