# Golden-master fixture: POLARIS_MF
# Produced by albion.integration.polaris_mf.PolarisMfRecordBuilder.buildRecord (current PROD behaviour, Phase 1 baseline).
# Input captured from integration/samples/polaris_mf/nak_10.xml (SIT 22-Mar-2020).
# Regenerate/verify with tools/ci/verify_phase1_scaffold.py - never edit expected.record by hand.
input.InsuredSurname_Ext=GWCC-11880
input.VehicleVRM_Ext=P359983410A
input.ClaimNumber_Ext=
input.InceptionDate_Ext=
input.BrandCode_Ext=HERIT
expected.length=512
expected.trailingFiller=437
expected.recordPrefix=PO99GWCC-11880  P359983410A                   0000000000000000000000000XX99
expected.record=PO99GWCC-11880  P359983410A                   0000000000000000000000000XX99                                                                                                                                                                                                                                                                                                                                                                                                                                                     
